<?xml version="1.0" encoding="utf-8" standalone="yes"?>
<rss version="2.0" xmlns:atom="http://www.w3.org/2005/Atom">
  <channel>
    <title>Golden on India</title>
    <link>https://india.muthu.co/tags/golden/</link>
    <description>Recent content in Golden on India</description>
    <generator>Hugo</generator>
    <language>en-us</language>
    <atom:link href="https://india.muthu.co/tags/golden/index.xml" rel="self" type="application/rss+xml" />
    <item>
      <title>Gauri</title>
      <link>https://india.muthu.co/posts/gods/gauri/</link>
      <pubDate>Mon, 01 Jan 0001 00:00:00 +0000</pubDate>
      <guid>https://india.muthu.co/posts/gods/gauri/</guid>
      <description>&lt;h2 id=&#34;gauri-the-auspicious-golden-one&#34;&gt;Gauri: The Auspicious Golden One&lt;/h2&gt;&#xA;&lt;h3 id=&#34;introduction&#34;&gt;Introduction&lt;/h3&gt;&#xA;&lt;p&gt;Gauri, a revered Hindu goddess, is considered the golden and radiant aspect of Parvati, the consort of Lord Shiva. Representing purity, austerity, and marital bliss, Gauri embodies the ideal of womanhood in Hinduism. Her iconography often depicts her as a beautiful and benevolent goddess, adorned in golden attire and exuding grace. She is primarily worshipped for marital harmony, fertility, and overall prosperity. Her significance lies in her portrayal as the complete woman, perfectly balanced in her devotion, strength, and beauty.&lt;/p&gt;</description>
    </item>
  </channel>
</rss>
